// Vitest Snapshot v1, https://vitest.dev/guide/snapshot.html

exports[`FormSubmitButton > Matches snapshot 1`] = `
<button
  data-testid="form-submit"
  disabled=""
  type="submit"
>
  Done
</button>
`;
