// Vitest Snapshot v1, https://vitest.dev/guide/snapshot.html

exports[`IconButton > Matches snapshot 1`] = `
<button
  class="action"
  data-testid="icon-button"
  disabled=""
  title="Add File"
>
  <svg
    aria-hidden="true"
    fill="none"
    height="32"
    viewBox="0 0 20 20"
    width="32"
    xmlns="http://www.w3.org/2000/svg"
  >
    <path
      d="M7 19H1.933A.97.97 0 0 1 1 18V5.828a2 2 0 0 1 .586-1.414l2.828-2.828A2 2 0 0 1 5.828 1h8.239A.97.97 0 0 1 15 2v4M6 1v4a1 1 0 0 1-1 1H1m11 8h4m-2 2v-4m5 2a5 5 0 1 1-10 0 5 5 0 0 1 10 0Z"
      stroke="currentColor"
      stroke-linecap="round"
      stroke-linejoin="round"
      stroke-width="2"
    />
  </svg>
</button>
`;
