// Vitest Snapshot v1, https://vitest.dev/guide/snapshot.html

exports[`ListItem > Matches snapshot 1`] = `
<button
  class="listItem selected"
  data-testid="list-item-test_title"
>
  <svg
    aria-hidden="true"
    class="listItemIcon chevron expanded"
    data-testid="chevron-icon"
    fill="none"
    height="10"
    viewBox="0 0 6 10"
    width="10"
    xmlns="http://www.w3.org/2000/svg"
  >
    <path
      d="m1 9 4-4-4-4"
      stroke="currentColor"
      stroke-linecap="round"
      stroke-linejoin="round"
      stroke-width="2"
    />
  </svg>
  <svg
    aria-hidden="true"
    class="listItemIcon"
    data-testid="open-dir-icon"
    fill="none"
    height="18"
    viewBox="0 0 21 18"
    width="21"
    xmlns="http://www.w3.org/2000/svg"
  >
    <path
      d="M2.539 17h12.476l4-9H5m-2.461 9a1 1 0 0 1-.914-1.406L5 8m-2.461 9H2a1 1 0 0 1-1-1V2a1 1 0 0 1 1-1h5.443a1 1 0 0 1 .8.4l2.7 3.6H16a1 1 0 0 1 1 1v2H5"
      stroke="currentColor"
      stroke-linecap="round"
      stroke-linejoin="round"
      stroke-width="2"
    />
  </svg>
  test_title
</button>
`;
